2025-12-14 01:34:26:3426 http: {"method":"POST","url":"/api/doctors","status":"500","responseTime":"10.827"}
2025-12-14 01:36:25:3625 http: {"method":"POST","url":"/api/doctors","status":"500","responseTime":"11.583"}
2025-12-14 01:38:37:3837 http: {"method":"POST","url":"/api/doctors","status":"500","responseTime":"7.896"}
2025-12-14 01:39:18:3918 http: {"method":"POST","url":"/api/doctors","status":"400","responseTime":"36.336"}
2025-12-14 01:43:54:4354 http: {"method":"POST","url":"/api/doctors","status":"400","responseTime":"37.011"}
2025-12-14 01:45:13:4513 http: {"method":"POST","url":"/api/doctors","status":"201","responseTime":"34.356"}
2025-12-14 01:46:08:468 http: {"method":"POST","url":"/api/doctors","status":"201","responseTime":"16.485"}
2025-12-14 01:46:14:4614 http: {"method":"GET","url":"/api/doctors","status":"200","responseTime":"3.976"}
2025-12-14 01:48:11:4811 http: {"method":"POST","url":"/api/doctors","status":"201","responseTime":"14.733"}
2025-12-14 01:52:04:524 http: {"method":"GET","url":"/api/customers","status":"200","responseTime":"11.439"}
2025-12-14 01:56:42:5642 http: {"method":"POST","url":"/api/doctors","status":"400","responseTime":"45.935"}
2025-12-14 01:56:52:5652 http: {"method":"POST","url":"/api/doctors","status":"201","responseTime":"22.851"}
2025-12-14 01:57:03:573 http: {"method":"POST","url":"/api/doctors","status":"201","responseTime":"13.008"}
2025-12-14 02:11:06:116 http: {"method":"POST","url":"/api/doctors","status":"500","responseTime":"6.774"}
2025-12-14 02:14:10:1410 http: {"method":"POST","url":"/api/doctors","status":"500","responseTime":"6.153"}
2025-12-14 02:19:30:1930 http: {"method":"POST","url":"/api/doctors","status":"400","responseTime":"9.605"}
2025-12-14 02:20:54:2054 http: {"method":"POST","url":"/api/doctors","status":"400","responseTime":"8.385"}
2025-12-14 02:23:00:230 http: {"method":"POST","url":"/api/doctors","status":"400","responseTime":"13.866"}
2025-12-14 02:25:23:2523 http: {"method":"GET","url":"/api/doctors","status":"200","responseTime":"12.375"}
2025-12-14 02:25:27:2527 http: {"method":"GET","url":"/api/customers","status":"200","responseTime":"4.197"}
2025-12-14 02:27:23:2723 http: {"method":"POST","url":"/api/doctors","status":"400","responseTime":"24.968"}
2025-12-14 02:27:38:2738 http: {"method":"POST","url":"/api/doctors","status":"201","responseTime":"46.036"}
2025-12-14 02:29:58:2958 http: {"method":"POST","url":"/api/doctors","status":"400","responseTime":"9.380"}
2025-12-14 02:30:29:3029 http: {"method":"POST","url":"/api/doctors","status":"400","responseTime":"4.510"}
2025-12-14 02:35:29:3529 http: {"method":"POST","url":"/api/doctors","status":"201","responseTime":"22.831"}
2025-12-14 02:36:12:3612 http: {"method":"GET","url":"/api/customers","status":"200","responseTime":"15.165"}
2025-12-14 02:36:14:3614 http: {"method":"GET","url":"/api/doctors","status":"200","responseTime":"6.923"}
2025-12-14 02:43:01:431 info: Creating new customer: pallavi029@gmail.com
2025-12-14 02:43:01:431 http: {"method":"POST","url":"/api/customers","status":"201","responseTime":"23.718"}
